Component: ARM Compiler 5.06 update 2 (build 183) Tool: armlink [4d35b7]

==============================================================================

Section Cross References

    add64.o(Add64) refers to add64.o(data1) for LNUM1


==============================================================================

Image Symbol Table

    Local Symbols

    Symbol Name                              Value     Ov Type        Size  Object(Section)

    Add64                                    0x00000000   Section       84  add64.o(Add64)
    Add64.s                                  0x00000000   Number         0  add64.o ABSOLUTE
    data1                                    0x40000000   Section       24  add64.o(data1)
    LNUM1                                    0x40000000   Data           4  add64.o(data1)
    UNUM1                                    0x40000004   Data           4  add64.o(data1)
    LNUM2                                    0x40000008   Data           4  add64.o(data1)
    UNUM2                                    0x4000000c   Data           4  add64.o(data1)
    URESULT                                  0x40000010   Data           4  add64.o(data1)
    LRESULT                                  0x40000014   Data           4  add64.o(data1)

    Global Symbols

    Symbol Name                              Value     Ov Type        Size  Object(Section)

    BuildAttributes$$THM_ISAv1$ARM_ISAv4$S$PE$A:L22$X:L11$S22$IEEE1$IW$USESV6$~STKCKD$USESV7$~SHL$OSPACE$EBA8$STANDARDLIB$PRES8$EABIv2 0x00000000   Number         0  anon$$obj.o ABSOLUTE



==============================================================================

Memory Map of the image

  Image Entry point : 0x00000000

  Load Region LR_1 (Base: 0x00000000, Size: 0x0000006c, Max: 0xffffffff, ABSOLUTE)

    Execution Region ER_RO (Base: 0x00000000, Size: 0x00000054, Max: 0xffffffff, ABSOLUTE)

    Base Addr    Size         Type   Attr      Idx    E Section Name        Object

    0x00000000   0x00000054   Code   RO            1  * Add64               add64.o


    Execution Region ER_RW (Base: 0x40000000, Size: 0x00000018, Max: 0xffffffff, ABSOLUTE)

    Base Addr    Size         Type   Attr      Idx    E Section Name        Object

    0x40000000   0x00000018   Data   RW            2    data1               add64.o


    Execution Region ER_ZI (Base: 0x40000018, Size: 0x00000000, Max: 0xffffffff, ABSOLUTE)

    **** No section assigned to this execution region ****


==============================================================================

Image component sizes


      Code (inc. data)   RO Data    RW Data    ZI Data      Debug   Object Name

        84         24          0         24          0        244   add64.o

    ----------------------------------------------------------------------
        84         24          0         24          0        244   Object Totals
         0          0          0          0          0          0   (incl. Generated)
         0          0          0          0          0          0   (incl. Padding)

    ----------------------------------------------------------------------
         0          0          0          0          0          0   Library Totals
         0          0          0          0          0          0   (incl. Padding)

    ----------------------------------------------------------------------

==============================================================================


      Code (inc. data)   RO Data    RW Data    ZI Data      Debug   

        84         24          0         24          0        244   Grand Totals
        84         24          0         24          0        244   ELF Image Totals
        84         24          0         24          0          0   ROM Totals

==============================================================================

    Total RO  Size (Code + RO Data)                   84 (   0.08kB)
    Total RW  Size (RW Data + ZI Data)                24 (   0.02kB)
    Total ROM Size (Code + RO Data + RW Data)        108 (   0.11kB)

==============================================================================

