


ARM Macro Assembler    Page 1 


    1 00000000                 AREA             twoscomp,CODE,READONLY
    2 00000000 E3A01002        LDR              R1,=02
    3 00000004 E1E02001        MVN              R2,R1       ;FINDING 1s COMPLEM
                                                            ENT OF R1 AND STORI
                                                            NG IT IN R2
    4 00000008 E2922001        ADDS             R2,R2,#01
    5 0000000C                 END
Command Line: --debug --xref --diag_suppress=9931 --apcs=interwork --depend=.\o
bjects\twoscomp.d -o.\objects\twoscomp.o -ID:\Kiel-5\ARM\RV31\INC -ID:\Kiel-5\A
RM\CMSIS\Include -ID:\Kiel-5\ARM\Inc\Philips --predefine="__EVAL SETA 1" --pred
efine="__UVISION_VERSION SETA 520" --list=.\listings\twoscomp.lst twoscomp.s



ARM Macro Assembler    Page 1 Alphabetic symbol ordering
Relocatable symbols

twoscomp 00000000

Symbol: twoscomp
   Definitions
      At line 1 in file twoscomp.s
   Uses
      None
Comment: twoscomp unused
1 symbol
333 symbols in table
