


ARM Macro Assembler    Page 1 


    1 00000000         ;ALP PROGRAM TO FIND THE LENGTH OF THE STRING
    2 00000000                 AREA             length,CODE,READONLY
    3 00000000 E59F1020        LDR              R1,=STRING
    4 00000004 E3A00005        MOV              R0,#5
    5 00000008 E3A05000        MOV              R5,#0
    6 0000000C E4D12001 
                       NEXT    LDRB             R2,[R1],#01
    7 00000010 E2855001        ADD              R5,R5,#01
    8 00000014 E2500001        SUBS             R0,R0,#01
    9 00000018 1AFFFFFB        BNE              NEXT
   10 0000001C E1A00000        NOP
   11 00000020 48 45 4C 
              4C 4F 00 STRING  DCB              "HELLO",0
   12 00000026                 END
              00 00 00000000 
Command Line: --debug --xref --diag_suppress=9931 --apcs=interwork --depend=.\o
bjects\length.d -o.\objects\length.o -ID:\Kiel-5\ARM\RV31\INC -ID:\Kiel-5\ARM\C
MSIS\Include -ID:\Kiel-5\ARM\Inc\Philips --predefine="__EVAL SETA 1" --predefin
e="__UVISION_VERSION SETA 520" --list=.\listings\length.lst length.s



ARM Macro Assembler    Page 1 Alphabetic symbol ordering
Relocatable symbols

NEXT 0000000C

Symbol: NEXT
   Definitions
      At line 6 in file length.s
   Uses
      At line 9 in file length.s
Comment: NEXT used once
STRING 00000020

Symbol: STRING
   Definitions
      At line 11 in file length.s
   Uses
      At line 3 in file length.s
Comment: STRING used once
length 00000000

Symbol: length
   Definitions
      At line 2 in file length.s
   Uses
      None
Comment: length unused
3 symbols
337 symbols in table
