Component: ARM Compiler 5.06 update 2 (build 183) Tool: armlink [4d35b7]

==============================================================================

Section Cross References

    evenoddarray.o(evenoddarray) refers to evenoddarray.o(data1) for EVEN


==============================================================================

Image Symbol Table

    Local Symbols

    Symbol Name                              Value     Ov Type        Size  Object(Section)

    evenoddarray                             0x00000000   Section      100  evenoddarray.o(evenoddarray)
    EvenOddArray.s                           0x00000000   Number         0  evenoddarray.o ABSOLUTE
    ARR                                      0x00000044   Data          20  evenoddarray.o(evenoddarray)
    data1                                    0x40000000   Section       40  evenoddarray.o(data1)
    EVEN                                     0x40000000   Data          20  evenoddarray.o(data1)
    ODD                                      0x40000014   Data          20  evenoddarray.o(data1)

    Global Symbols

    Symbol Name                              Value     Ov Type        Size  Object(Section)

    BuildAttributes$$THM_ISAv1$ARM_ISAv4$S$PE$A:L22$X:L11$S22$IEEE1$IW$USESV6$~STKCKD$USESV7$~SHL$OSPACE$EBA8$STANDARDLIB$PRES8$EABIv2 0x00000000   Number         0  anon$$obj.o ABSOLUTE



==============================================================================

Memory Map of the image

  Image Entry point : 0x00000000

  Load Region LR_1 (Base: 0x00000000, Size: 0x0000008c, Max: 0xffffffff, ABSOLUTE)

    Execution Region ER_RO (Base: 0x00000000, Size: 0x00000064, Max: 0xffffffff, ABSOLUTE)

    Base Addr    Size         Type   Attr      Idx    E Section Name        Object

    0x00000000   0x00000064   Code   RO            1  * evenoddarray        evenoddarray.o


    Execution Region ER_RW (Base: 0x40000000, Size: 0x00000028, Max: 0xffffffff, ABSOLUTE)

    Base Addr    Size         Type   Attr      Idx    E Section Name        Object

    0x40000000   0x00000028   Data   RW            2    data1               evenoddarray.o


    Execution Region ER_ZI (Base: 0x40000028, Size: 0x00000000, Max: 0xffffffff, ABSOLUTE)

    **** No section assigned to this execution region ****


==============================================================================

Image component sizes


      Code (inc. data)   RO Data    RW Data    ZI Data      Debug   Object Name

       100         32          0         40          0        280   evenoddarray.o

    ----------------------------------------------------------------------
       100         32          0         40          0        280   Object Totals
         0          0          0          0          0          0   (incl. Generated)
         0          0          0          0          0          0   (incl. Padding)

    ----------------------------------------------------------------------
         0          0          0          0          0          0   Library Totals
         0          0          0          0          0          0   (incl. Padding)

    ----------------------------------------------------------------------

==============================================================================


      Code (inc. data)   RO Data    RW Data    ZI Data      Debug   

       100         32          0         40          0        280   Grand Totals
       100         32          0         40          0        280   ELF Image Totals
       100         32          0         40          0          0   ROM Totals

==============================================================================

    Total RO  Size (Code + RO Data)                  100 (   0.10kB)
    Total RW  Size (RW Data + ZI Data)                40 (   0.04kB)
    Total ROM Size (Code + RO Data + RW Data)        140 (   0.14kB)

==============================================================================

