


ARM Macro Assembler    Page 1 


    1 00000000                 AREA             evenoddMerge,CODE,READONLY
    2 00000000 E59F009C        LDR              R0,=ARR
    3 00000004 E3A0900A        MOV              R9,#10      ;COUNT
    4 00000008 E59F1098        LDR              R1,=EVENARR
    5 0000000C E59F2098        LDR              R2,=ODDARR
    6 00000010 E3A03000        MOV              R3,#0       ;EVEN COUNT
    7 00000014 E3A04000        MOV              R4,#0       ;ODD COUNT
    8 00000018 E4905004 
                       NEXT    LDR              R5,[R0],#04
    9 0000001C E1A06005        MOV              R6,R5
   10 00000020 E1B060A6        MOVS             R6,R6 ,LSR #01 ;LEFT SHIFT BY O
                                                            NE BIT
   11 00000024 2A000002        BCS              ODD
   12 00000028 E2833001        ADD              R3,R3,#1
   13 0000002C E4815004        STR              R5,[R1],#4
   14 00000030 EA000001        B                DEC
   15 00000034 E2944001 
                       ODD     ADDS             R4,R4,#01
   16 00000038 E4825004        STR              R5,[R2],#04
   17 0000003C E2599001 
                       DEC     SUBS             R9,R9,#01
   18 00000040 1AFFFFF4        BNE              NEXT
   19 00000044 E59F105C        LDR              R1,=EVENARR
   20 00000048 E59F205C        LDR              R2,=ODDARR
   21 0000004C E59FA05C        LDR              R10,=NEWARR
   22 00000050 E1A09003        MOV              R9,R3
   23 00000054 E1A08004        MOV              R8,R4
   24 00000058 E491B004 
                       EVENADD LDR              R11,[R1],#04
   25 0000005C E48AB004        STR              R11,[R10],#04
   26 00000060 E2599001        SUBS             R9,R9,#01
   27 00000064 1AFFFFFB        BNE              EVENADD
   28 00000068 E492B004 
                       ODDADD  LDR              R11,[R2],#04
   29 0000006C E48AB004        STR              R11,[R10],#04
   30 00000070 E2588001        SUBS             R8,R8,#01
   31 00000074 1AFFFFFB        BNE              ODDADD
   32 00000078 E1A00000        NOP
   33 0000007C 00000001 
              00000002 
              00000003 
              00000004 
              00000005 
              00000006 
              00000007 
              00000008 
              00000009 
              00000010 ARR     DCD              0X1, 0X2, 0X3, 0X4, 0X5, 0X6, 0
X7, 0X8, 0X9, 0X10
   34 000000A4 00000000 
              00000000 
              00000000 
              00000000 
              00000000 
              00000000         AREA             data1,DATA,READWRITE
   35 00000000 00000000 
              00000000 
              00000000 
              00000000 



ARM Macro Assembler    Page 2 


              00000000 EVENARR DCD              0X0, 0X0, 0X0, 0X0, 0X0
   36 00000014 00000000 
              00000000 
              00000000 
              00000000 
              00000000 ODDARR  DCD              0X0,0X0,0X0,0X0,0X0
   37 00000028 00000000 
              00000000 
              00000000 
              00000000 
              00000000 NEWARR  DCD              0X0,0X0,0X0,0X0,0X0
   38 0000003C                 END
Command Line: --debug --xref --diag_suppress=9931 --apcs=interwork --depend=.\o
bjects\evenoddmerge.d -o.\objects\evenoddmerge.o -IC:\Keil_v5\ARM\RV31\INC -IC:
\Keil_v5\ARM\CMSIS\Include -IC:\Keil_v5\ARM\Inc\Philips --predefine="__EVAL SET
A 1" --predefine="__UVISION_VERSION SETA 520" --list=.\listings\evenoddmerge.ls
t evenoddMerge.s



ARM Macro Assembler    Page 1 Alphabetic symbol ordering
Relocatable symbols

ARR 0000007C

Symbol: ARR
   Definitions
      At line 33 in file evenoddMerge.s
   Uses
      At line 2 in file evenoddMerge.s
Comment: ARR used once
DEC 0000003C

Symbol: DEC
   Definitions
      At line 17 in file evenoddMerge.s
   Uses
      At line 14 in file evenoddMerge.s
Comment: DEC used once
EVENADD 00000058

Symbol: EVENADD
   Definitions
      At line 24 in file evenoddMerge.s
   Uses
      At line 27 in file evenoddMerge.s
Comment: EVENADD used once
NEXT 00000018

Symbol: NEXT
   Definitions
      At line 8 in file evenoddMerge.s
   Uses
      At line 18 in file evenoddMerge.s
Comment: NEXT used once
ODD 00000034

Symbol: ODD
   Definitions
      At line 15 in file evenoddMerge.s
   Uses
      At line 11 in file evenoddMerge.s
Comment: ODD used once
ODDADD 00000068

Symbol: ODDADD
   Definitions
      At line 28 in file evenoddMerge.s
   Uses
      At line 31 in file evenoddMerge.s
Comment: ODDADD used once
evenoddMerge 00000000

Symbol: evenoddMerge
   Definitions
      At line 1 in file evenoddMerge.s
   Uses
      None
Comment: evenoddMerge unused
7 symbols



ARM Macro Assembler    Page 1 Alphabetic symbol ordering
Relocatable symbols

EVENARR 00000000

Symbol: EVENARR
   Definitions
      At line 35 in file evenoddMerge.s
   Uses
      At line 4 in file evenoddMerge.s
      At line 19 in file evenoddMerge.s

NEWARR 00000028

Symbol: NEWARR
   Definitions
      At line 37 in file evenoddMerge.s
   Uses
      At line 21 in file evenoddMerge.s
Comment: NEWARR used once
ODDARR 00000014

Symbol: ODDARR
   Definitions
      At line 36 in file evenoddMerge.s
   Uses
      At line 5 in file evenoddMerge.s
      At line 20 in file evenoddMerge.s

data1 00000000

Symbol: data1
   Definitions
      At line 34 in file evenoddMerge.s
   Uses
      None
Comment: data1 unused
4 symbols
345 symbols in table
