Component: ARM Compiler 5.06 update 2 (build 183) Tool: armlink [4d35b7]

==============================================================================

Section Cross References

    evenoddmerge.o(evenoddMerge) refers to evenoddmerge.o(data1) for EVENARR


==============================================================================

Image Symbol Table

    Local Symbols

    Symbol Name                              Value     Ov Type        Size  Object(Section)

    evenoddMerge                             0x00000000   Section      188  evenoddmerge.o(evenoddMerge)
    evenoddMerge.s                           0x00000000   Number         0  evenoddmerge.o ABSOLUTE
    ARR                                      0x0000007c   Data          40  evenoddmerge.o(evenoddMerge)
    data1                                    0x40000000   Section       60  evenoddmerge.o(data1)
    EVENARR                                  0x40000000   Data          20  evenoddmerge.o(data1)
    ODDARR                                   0x40000014   Data          20  evenoddmerge.o(data1)
    NEWARR                                   0x40000028   Data          20  evenoddmerge.o(data1)

    Global Symbols

    Symbol Name                              Value     Ov Type        Size  Object(Section)

    BuildAttributes$$THM_ISAv1$ARM_ISAv4$S$PE$A:L22$X:L11$S22$IEEE1$IW$USESV6$~STKCKD$USESV7$~SHL$OSPACE$EBA8$STANDARDLIB$PRES8$EABIv2 0x00000000   Number         0  anon$$obj.o ABSOLUTE



==============================================================================

Memory Map of the image

  Image Entry point : 0x00000000

  Load Region LR_1 (Base: 0x00000000, Size: 0x000000f8, Max: 0xffffffff, ABSOLUTE)

    Execution Region ER_RO (Base: 0x00000000, Size: 0x000000bc, Max: 0xffffffff, ABSOLUTE)

    Base Addr    Size         Type   Attr      Idx    E Section Name        Object

    0x00000000   0x000000bc   Code   RO            1  * evenoddMerge        evenoddmerge.o


    Execution Region ER_RW (Base: 0x40000000, Size: 0x0000003c, Max: 0xffffffff, ABSOLUTE)

    Base Addr    Size         Type   Attr      Idx    E Section Name        Object

    0x40000000   0x0000003c   Data   RW            2    data1               evenoddmerge.o


    Execution Region ER_ZI (Base: 0x4000003c, Size: 0x00000000, Max: 0xffffffff, ABSOLUTE)

    **** No section assigned to this execution region ****


==============================================================================

Image component sizes


      Code (inc. data)   RO Data    RW Data    ZI Data      Debug   Object Name

       188         64          0         60          0        300   evenoddmerge.o

    ----------------------------------------------------------------------
       188         64          0         60          0        300   Object Totals
         0          0          0          0          0          0   (incl. Generated)
         0          0          0          0          0          0   (incl. Padding)

    ----------------------------------------------------------------------
         0          0          0          0          0          0   Library Totals
         0          0          0          0          0          0   (incl. Padding)

    ----------------------------------------------------------------------

==============================================================================


      Code (inc. data)   RO Data    RW Data    ZI Data      Debug   

       188         64          0         60          0        300   Grand Totals
       188         64          0         60          0        300   ELF Image Totals
       188         64          0         60          0          0   ROM Totals

==============================================================================

    Total RO  Size (Code + RO Data)                  188 (   0.18kB)
    Total RW  Size (RW Data + ZI Data)                60 (   0.06kB)
    Total ROM Size (Code + RO Data + RW Data)        248 (   0.24kB)

==============================================================================

