Component: ARM Compiler 5.06 update 2 (build 183) Tool: armlink [4d35b7]

==============================================================================

Section Cross References

    mult_table.o(mult_tabl) refers to mult_table.o(data1) for RESULT


==============================================================================

Image Symbol Table

    Local Symbols

    Symbol Name                              Value     Ov Type        Size  Object(Section)

    mult_tabl                                0x00000000   Section       76  mult_table.o(mult_tabl)
    mult_table.s                             0x00000000   Number         0  mult_table.o ABSOLUTE
    NUM                                      0x00000040   Data           4  mult_table.o(mult_tabl)
    data1                                    0x40000000   Section       40  mult_table.o(data1)
    RESULT                                   0x40000000   Data          40  mult_table.o(data1)

    Global Symbols

    Symbol Name                              Value     Ov Type        Size  Object(Section)

    BuildAttributes$$THM_ISAv1$ARM_ISAv4$S$PE$A:L22$X:L11$S22$IEEE1$IW$USESV6$~STKCKD$USESV7$~SHL$OSPACE$EBA8$STANDARDLIB$PRES8$EABIv2 0x00000000   Number         0  anon$$obj.o ABSOLUTE



==============================================================================

Memory Map of the image

  Image Entry point : 0x00000000

  Load Region LR_1 (Base: 0x00000000, Size: 0x00000074, Max: 0xffffffff, ABSOLUTE)

    Execution Region ER_RO (Base: 0x00000000, Size: 0x0000004c, Max: 0xffffffff, ABSOLUTE)

    Base Addr    Size         Type   Attr      Idx    E Section Name        Object

    0x00000000   0x0000004c   Code   RO            1  * mult_tabl           mult_table.o


    Execution Region ER_RW (Base: 0x40000000, Size: 0x00000028, Max: 0xffffffff, ABSOLUTE)

    Base Addr    Size         Type   Attr      Idx    E Section Name        Object

    0x40000000   0x00000028   Data   RW            2    data1               mult_table.o


    Execution Region ER_ZI (Base: 0x40000028, Size: 0x00000000, Max: 0xffffffff, ABSOLUTE)

    **** No section assigned to this execution region ****


==============================================================================

Image component sizes


      Code (inc. data)   RO Data    RW Data    ZI Data      Debug   Object Name

        76         12          0         40          0        288   mult_table.o

    ----------------------------------------------------------------------
        76         12          0         40          0        288   Object Totals
         0          0          0          0          0          0   (incl. Generated)
         0          0          0          0          0          0   (incl. Padding)

    ----------------------------------------------------------------------
         0          0          0          0          0          0   Library Totals
         0          0          0          0          0          0   (incl. Padding)

    ----------------------------------------------------------------------

==============================================================================


      Code (inc. data)   RO Data    RW Data    ZI Data      Debug   

        76         12          0         40          0        288   Grand Totals
        76         12          0         40          0        288   ELF Image Totals
        76         12          0         40          0          0   ROM Totals

==============================================================================

    Total RO  Size (Code + RO Data)                   76 (   0.07kB)
    Total RW  Size (RW Data + ZI Data)                40 (   0.04kB)
    Total ROM Size (Code + RO Data + RW Data)        116 (   0.11kB)

==============================================================================

